package Simple7
object M extends scala.AnyRef() {
  def enclosingMethod: Unit = {
    def foo[T >: Nothing <: Any](x: T => T): Nothing = scala.this.Predef.???
    def bar(x: Int): Int = scala.this.Predef.???
    foo[Int] {
      (x: Int) => bar(x)
    }
    foo[Nothing] {
      (x: Int => Int) => foo[Int](x)
    }
  }
}