package Simple6
object M extends scala.AnyRef() {
  def enclosingMethod: Unit = {
    def foo[T >: Nothing <: Any](x: T => T): Nothing = scala.this.Predef.???
    foo[Int]((x: Int) => x)
    def bar(x: Int => Int): Nothing = scala.this.Predef.???
    bar((x: Int) => x)
    val fn: String => String = (x: String) => x
    ()
  }
}