package Simple11
object M extends scala.AnyRef() {
  {
    def sobaka(x: Int): Int = x
    val x: List[Int] = immutable.this.List.apply[Int](2)
    x.map[Int, List[Int]]((x: Int) => x)(immutable.this.List.canBuildFrom[Int])
    x.map[Int, List[Int]] {
      (x: Int) => sobaka(x)
    }(immutable.this.List.canBuildFrom[Int])
  }
}