package Simple8
object M extends scala.AnyRef() {
  {
    def sort(xs: Array[Int]) = {
      def swap(i: Int, j: Int): scala.Unit = {
        val t = xs.apply(i)
        xs.update(i, xs.apply(j))
        xs.update(j, t)
      }
      def sort1(l: Int, r: Int): Unit = {
        val pivot = xs.apply(l.+(r)./(2))
        var i = l
        var j = r
        while (i.<=(j)) {
          while (xs.apply(i).<(pivot)) i = i.+(1)
          while (xs.apply(j).>(pivot)) j = j.-(1)
          if (i.<=(j)) {
            swap(i, j)
            i = i.+(1)
            j = j.-(1)
          }
        }
        if (l.<(j)) sort1(l, j)
        if (j.<(r)) sort1(i, r)
      }
      sort1(0, xs.length.-(1))
    }
    val xs = Array(2, 1, 4, 3)
    sort(xs)
  }
}